// Jest Snapshot v1, https://goo.gl/fbAQLP

exports[`Test copy helper... Should get the runnable path of a copy binary file 1`] = `"node node_modules\\\\cpy-cli\\\\cli.js \\"**/*.html\\" \\"../dist/\\" --cwd=src --parents"`;
