// Jest Snapshot v1, https://goo.gl/fbAQLP

exports[`Test rimraf helper... Should get the runnable path of a rimraf binary file 1`] = `"node node_modules\\\\rimraf\\\\bin.js build"`;
